<html>
<body>
<pre>
<h1>µVision Build Log</h1>
<h2>Tool Versions:</h2>
IDE-Version: µVision V5.17.0.0
Copyright (C) 2015 ARM Ltd and ARM Germany GmbH. All rights reserved.
License Information: Huy Coi, 1, LIC=WHYH9-4LDG1-BSJYX-HMQD3-20WQC-2ANJG
 
Tool Versions:
Toolchain:       MDK-ARM Standard  Version: 5.17
Toolchain Path:  D:\Keil_v5\ARM\ARMCC\Bin
C Compiler:      Armcc.exe V5.06 update 1 (build 61)
Assembler:       Armasm.exe V5.06 update 1 (build 61)
Linker/Locator:  ArmLink.exe V5.06 update 1 (build 61)
Library Manager: ArmAr.exe V5.06 update 1 (build 61)
Hex Converter:   FromElf.exe V5.06 update 1 (build 61)
CPU DLL:         SARMCM3.DLL V5.17
Dialog DLL:      DCM.DLL V1.13.4.0
Target DLL:      STLink\ST-LINKIII-KEIL_SWO.dll V2.0.18.0
Dialog DLL:      TCM.DLL V1.14.6.0
 
<h2>Project:</h2>
C:\Users\User\Desktop\BTL\WATER LEVEL (keil C v5)\MDK-ARM\WATER LEVEL.uvprojx
Project File Date:  05/22/2022

<h2>Output:</h2>
*** Using Compiler 'V5.06 update 1 (build 61)', folder: 'D:\Keil_v5\ARM\ARMCC\Bin'
Rebuild target 'WATER LEVEL'
assembling startup_stm32f103x6.s...
compiling stm32f1xx_hal_tim.c...
compiling stm32f1xx_hal_gpio_ex.c...
compiling stm32f1xx_hal_msp.c...
compiling stm32f1xx_it.c...
compiling main.c...
../Core/Src/main.c(135): warning:  #188-D: enumerated type mixed with another type
  			    HAL_GPIO_WritePin(
PIOA,
PIO_PIN_2,1);
../Core/Src/main.c(136): warning:  #188-D: enumerated type mixed with another type
  			    HAL_GPIO_WritePin(
PIOA,
PIO_PIN_3,0);
../Core/Src/main.c(142): warning:  #188-D: enumerated type mixed with another type
  			    HAL_GPIO_WritePin(
PIOA,
PIO_PIN_2,0);
../Core/Src/main.c(143): warning:  #188-D: enumerated type mixed with another type
  			    HAL_GPIO_WritePin(
PIOA,
PIO_PIN_3,1);
../Core/Src/main.c(149): warning:  #188-D: enumerated type mixed with another type
  			    HAL_GPIO_WritePin(
PIOA,
PIO_PIN_2,0);
../Core/Src/main.c(150): warning:  #188-D: enumerated type mixed with another type
  			    HAL_GPIO_WritePin(
PIOA,
PIO_PIN_3,0);
../Core/Src/main.c: 6 warnings, 0 errors
compiling lcd_16x2.c...
compiling stm32f1xx_hal_tim_ex.c...
compiling stm32f1xx_hal.c...
compiling stm32f1xx_hal_rcc_ex.c...
compiling stm32f1xx_hal_gpio.c...
compiling stm32f1xx_hal_rcc.c...
compiling stm32f1xx_hal_cortex.c...
compiling stm32f1xx_hal_dma.c...
compiling stm32f1xx_hal_uart.c...
compiling stm32f1xx_hal_pwr.c...
compiling system_stm32f1xx.c...
compiling stm32f1xx_hal_flash.c...
compiling stm32f1xx_hal_flash_ex.c...
compiling stm32f1xx_hal_exti.c...
linking...
Program Size: Code=6856 RO-data=304 RW-data=60 ZI-data=1092  
FromELF: creating hex file...
"WATER LEVEL\WATER LEVEL.axf" - 0 Error(s), 6 Warning(s).

<h2>Software Packages used:</h2>

Package Vendor: ARM
                http://www.keil.com/pack/ARM.CMSIS.4.5.0.pack
                ARM::CMSIS:CORE:4.3.0
                CMSIS (Cortex Microcontroller Software Interface Standard)
   * Component: CORE Version: 4.3.0

<h2>Collection of Component include folders:</h2>
  C:\Users\User\Desktop\BTL\WATER LEVEL (keil C v5)\MDK-ARM\RTE
  D:\Keil_v5\ARM\PACK\ARM\CMSIS\4.5.0\CMSIS\Include
  D:\Keil_v5\ARM\PACK\Keil\STM32F1xx_DFP\2.4.0\Device\Include

<h2>Collection of Component Files used:</h2>

   * Component: ARM::CMSIS:CORE:4.3.0
Build Time Elapsed:  00:00:09
</pre>
</body>
</html>
