******************************************************************************
                  TI ARM Linker PC v20.2.2                     
******************************************************************************
>> Linked Sat May  1 21:42:14 2021

OUTPUT FILE NAME:   <CACULATOR1.out>
ENTRY POINT SYMBOL: "_c_int00_noargs"  address: 000025e5


MEMORY CONFIGURATION

         name            origin    length      used     unused   attr    fill
----------------------  --------  ---------  --------  --------  ----  --------
  FLASH                 00000000   00020000  000027b0  0001d850  R  X
  SRAM                  20000000   00008000  0000026c  00007d94  RW X


SEGMENT ALLOCATION MAP

run origin  load origin   length   init length attrs members
----------  ----------- ---------- ----------- ----- -------
00000000    00000000    000027b0   000027b0    r-x
  00000000    00000000    0000026c   0000026c    r-- .intvecs
  0000026c    0000026c    000024bc   000024bc    r-x .text
  00002728    00002728    00000058   00000058    r-- .const
  00002780    00002780    00000030   00000030    r-- .cinit
20000000    20000000    0000026c   00000000    rw-
  20000000    20000000    00000200   00000000    rw- .stack
  20000200    20000200    00000068   00000000    rw- .bss
  20000268    20000268    00000004   00000000    rw- .data


SECTION ALLOCATION MAP

 output                                  attributes/
section   page    origin      length       input sections
--------  ----  ----------  ----------   ----------------
.intvecs   0    00000000    0000026c     
                  00000000    0000026c     tm4c123ge6pm_startup_ccs.obj (.intvecs)

.text      0    0000026c    000024bc     
                  0000026c    000009c0     rtsv7M4_T_le_v4SPD16_eabi.lib : e_pow.c.obj (.text:pow)
                  00000c2c    00000640     Tinh.obj (.text)
                  0000126c    000003a0     main.obj (.text)
                  0000160c    0000022c     LCD.obj (.text)
                  00001838    000001b6     rtsv7M4_T_le_v4SPD16_eabi.lib : fd_add_t2.asm.obj (.text)
                  000019ee    00000002     --HOLE-- [fill = 0]
                  000019f0    00000158                                   : e_sqrt.c.obj (.text:sqrt)
                  00001b48    00000136                                   : fd_div_t2.asm.obj (.text)
                  00001c7e    00000132     driverlib.lib : gpio.obj (.text:GPIOPadConfigSet)
                  00001db0    00000110     rtsv7M4_T_le_v4SPD16_eabi.lib : s_scalbn.c.obj (.text:scalbn)
                  00001ec0    000000fc                                   : fd_mul_t2.asm.obj (.text)
                  00001fbc    000000f8                                   : s_floor.c.obj (.text:floor)
                  000020b4    000000f4     driverlib.lib : sysctl.obj (.text:SysCtlClockSet)
                  000021a8    000000f0     Keypad.obj (.text)
                  00002298    0000009c     rtsv7M4_T_le_v4SPD16_eabi.lib : memcpy_t2.asm.obj (.text)
                  00002334    00000086                                   : fd_cmp_t2.asm.obj (.text:__aeabi_cdcmple)
                  000023ba    00000086                                   : fd_cmp_t2.asm.obj (.text:__aeabi_cdrcmple)
                  00002440    0000007c     Delay.obj (.text)
                  000024bc    00000068     rtsv7M4_T_le_v4SPD16_eabi.lib : copy_decompress_lzss.c.obj (.text:decompress:lzss:__TI_decompress_lzss)
                  00002524    00000048                                   : fd_toi_t2.asm.obj (.text)
                  0000256c    00000044                                   : autoinit.c.obj (.text:__TI_auto_init_nobinit_nopinit:__TI_auto_init_nobinit_nopinit)
                  000025b0    00000034     driverlib.lib : sysctl.obj (.text:SysCtlPeripheralEnable)
                  000025e4    00000034     rtsv7M4_T_le_v4SPD16_eabi.lib : boot_cortex_m.c.obj (.text:_c_int00_noargs:_c_int00_noargs)
                  00002618    0000002e                                   : i_tofd_t2.asm.obj (.text)
                  00002646    0000002a     driverlib.lib : gpio.obj (.text:GPIODirModeSet)
                  00002670    00000020     rtsv7M4_T_le_v4SPD16_eabi.lib : u_tofd_t2.asm.obj (.text)
                  00002690    0000001c                                   : copy_zero_init.c.obj (.text:decompress:ZI:__TI_zero_init_nomemset:__TI_zero_init_nomemset)
                  000026ac    0000001a                                   : s_copysign.c.obj (.text:copysign)
                  000026c6    00000018     driverlib.lib : gpio.obj (.text:GPIOPinTypeGPIOOutput)
                  000026de    00000014     rtsv7M4_T_le_v4SPD16_eabi.lib : strlen.c.obj (.text:strlen)
                  000026f2    0000000e                                   : copy_decompress_none.c.obj (.text:decompress:none:__TI_decompress_none)
                  00002700    0000000c     tm4c123ge6pm_startup_ccs.obj (.text)
                  0000270c    00000008     rtsv7M4_T_le_v4SPD16_eabi.lib : errno.c.obj (.text:__aeabi_errno_addr)
                  00002714    00000006     driverlib.lib : gpio.obj (.text:GPIOPinWrite)
                  0000271a    00000006                   : sysctl.obj (.text:SysCtlDelay)
                  00002720    00000004     rtsv7M4_T_le_v4SPD16_eabi.lib : pre_init.c.obj (.text:_system_pre_init)
                  00002724    00000004                                   : exit.c.obj (.text:abort:abort)

.const     0    00002728    00000058     
                  00002728    00000030     rtsv7M4_T_le_v4SPD16_eabi.lib : e_pow.c.obj (.const:$O1$$)
                  00002758    00000014     Keypad.obj (.const:symbol)
                  0000276c    00000004     --HOLE-- [fill = 0]
                  00002770    00000010     main.obj (.const)

.cinit     0    00002780    00000030     
                  00002780    0000000c     (__TI_handler_table)
                  0000278c    00000004     --HOLE-- [fill = 0]
                  00002790    00000008     (.cinit..bss.load) [load image, compression = zero_init]
                  00002798    00000007     (.cinit..data.load) [load image, compression = lzss]
                  0000279f    00000001     --HOLE-- [fill = 0]
                  000027a0    00000010     (__TI_cinit_table)

.init_array 
*          0    00000000    00000000     UNINITIALIZED

.bss       0    20000200    00000068     UNINITIALIZED
                  20000200    00000064     (.common:charc)
                  20000264    00000004     (.common:i)

.data      0    20000268    00000004     UNINITIALIZED
                  20000268    00000004     rtsv7M4_T_le_v4SPD16_eabi.lib : errno.c.obj (.data)

.stack     0    20000000    00000200     UNINITIALIZED
                  20000000    00000004     rtsv7M4_T_le_v4SPD16_eabi.lib : boot_cortex_m.c.obj (.stack)
                  20000004    000001fc     --HOLE--

__llvm_prf_cnts 
*          0    20000000    00000000     UNINITIALIZED

MODULE SUMMARY

       Module                         code   ro data   rw data
       ------                         ----   -------   -------
    .\
       main.obj                       928    16        104    
       tm4c123ge6pm_startup_ccs.obj   12     620       0      
    +--+------------------------------+------+---------+---------+
       Total:                         940    636       104    
                                                              
    .\KEYPAD\
       Keypad.obj                     240    20        0      
       Delay.obj                      124    0         0      
    +--+------------------------------+------+---------+---------+
       Total:                         364    20        0      
                                                              
    .\LCD\
       LCD.obj                        556    0         0      
    +--+------------------------------+------+---------+---------+
       Total:                         556    0         0      
                                                              
    .\Tinh\
       Tinh.obj                       1600   0         0      
    +--+------------------------------+------+---------+---------+
       Total:                         1600   0         0      
                                                              
    C:/ti/TivaWare_C_Series-2.1.2.111/driverlib/ccs/Debug/driverlib.lib
       gpio.obj                       378    0         0      
       sysctl.obj                     302    0         0      
    +--+------------------------------+------+---------+---------+
       Total:                         680    0         0      
                                                              
    C:\ti\ccs1020\ccs\tools\compiler\ti-cgt-arm_20.2.2.LTS\lib\rtsv7M4_T_le_v4SPD16_eabi.lib
       e_pow.c.obj                    2496   48        0      
       fd_add_t2.asm.obj              438    0         0      
       e_sqrt.c.obj                   344    0         0      
       fd_div_t2.asm.obj              310    0         0      
       s_scalbn.c.obj                 272    0         0      
       fd_cmp_t2.asm.obj              268    0         0      
       fd_mul_t2.asm.obj              252    0         0      
       s_floor.c.obj                  248    0         0      
       memcpy_t2.asm.obj              156    0         0      
       copy_decompress_lzss.c.obj     104    0         0      
       fd_toi_t2.asm.obj              72     0         0      
       autoinit.c.obj                 68     0         0      
       boot_cortex_m.c.obj            52     0         0      
       i_tofd_t2.asm.obj              46     0         0      
       u_tofd_t2.asm.obj              32     0         0      
       copy_zero_init.c.obj           28     0         0      
       s_copysign.c.obj               26     0         0      
       strlen.c.obj                   20     0         0      
       copy_decompress_none.c.obj     14     0         0      
       errno.c.obj                    8      0         4      
       exit.c.obj                     4      0         0      
       pre_init.c.obj                 4      0         0      
    +--+------------------------------+------+---------+---------+
       Total:                         5262   48        4      
                                                              
       Stack:                         0      0         512    
       Linker Generated:              0      43        0      
    +--+------------------------------+------+---------+---------+
       Grand Total:                   9402   747       620    


LINKER GENERATED COPY TABLES

__TI_cinit_table @ 000027a0 records: 2, size/record: 8, table size: 16
	.bss: load addr=00002790, load size=00000008 bytes, run addr=20000200, run size=00000068 bytes, compression=zero_init
	.data: load addr=00002798, load size=00000007 bytes, run addr=20000268, run size=00000004 bytes, compression=lzss


LINKER GENERATED HANDLER TABLE

__TI_handler_table @ 00002780 records: 3, size/record: 4, table size: 12
	index: 0, handler: __TI_decompress_lzss
	index: 1, handler: __TI_decompress_none
	index: 2, handler: __TI_zero_init


GLOBAL SYMBOLS: SORTED ALPHABETICALLY BY Name 

address   name                          
-------   ----                          
00002725  C$$EXIT                       
00002647  GPIODirModeSet                
00001c7f  GPIOPadConfigSet              
000026c7  GPIOPinTypeGPIOOutput         
00002715  GPIOPinWrite                  
00001709  Lcd_Goto                      
00001787  Lcd_Putch                     
00001769  Lcd_Puts                      
00001757  Lcd_Temizle                   
0000160d  Lcd_init                      
00002701  ResetISR                      
000020b5  SysCtlClockSet                
0000271b  SysCtlDelay                   
000025b1  SysCtlPeripheralEnable        
20000200  __STACK_END                   
00000200  __STACK_SIZE                  
20000200  __STACK_TOP                   
000027a0  __TI_CINIT_Base               
000027b0  __TI_CINIT_Limit              
00002780  __TI_Handler_Table_Base       
0000278c  __TI_Handler_Table_Limit      
0000256d  __TI_auto_init_nobinit_nopinit
000024bd  __TI_decompress_lzss          
000026f3  __TI_decompress_none          
ffffffff  __TI_pprof_out_hndl           
ffffffff  __TI_prof_data_size           
ffffffff  __TI_prof_data_start          
00000000  __TI_static_base__            
00002691  __TI_zero_init_nomemset       
00002335  __aeabi_cdcmpeq               
00002335  __aeabi_cdcmple               
000023bb  __aeabi_cdrcmple              
00002525  __aeabi_d2iz                  
00001843  __aeabi_dadd                  
00001b49  __aeabi_ddiv                  
00001ec1  __aeabi_dmul                  
00001839  __aeabi_dsub                  
0000270d  __aeabi_errno_addr            
00002619  __aeabi_i2d                   
00002299  __aeabi_memcpy                
00002299  __aeabi_memcpy4               
00002299  __aeabi_memcpy8               
00002671  __aeabi_ui2d                  
ffffffff  __binit__                     
ffffffff  __c_args__                    
UNDEFED   __mpu_init                    
20000000  __stack                       
20000000  __start___llvm_prf_cnts       
20000000  __stop___llvm_prf_cnts        
000025e5  _c_int00_noargs               
UNDEFED   _system_post_cinit            
00002721  _system_pre_init              
00002725  abort                         
ffffffff  binit                         
0000144d  calculate                     
00001439  cclear                        
20000200  charc                         
0000126d  clear                         
000026ad  copysign                      
000026ad  copysignl                     
00002441  delay_ms                      
00002483  delay_us                      
20000268  errno                         
00000d0b  error                         
00001fbd  floor                         
00001fbd  floorl                        
00000000  g_pfnVectors                  
20000264  i                             
000021a9  keypad_Init                   
00002201  keypad_getkey                 
00000c7d  kq                            
00001db1  ldexp                         
00001db1  ldexpl                        
000014b9  main                          
00002770  max                           
00002299  memcpy                        
00002778  min                           
0000026d  pow                           
0000026d  powl                          
000012a1  print                         
00001db1  scalbn                        
00001db1  scalbnl                       
000019f1  sqrt                          
000019f1  sqrtl                         
000026df  strlen                        
00002758  symbol                        
00000c2d  ut                            
00000e77  xuly                          


GLOBAL SYMBOLS: SORTED BY Symbol Address 

address   name                          
-------   ----                          
00000000  __TI_static_base__            
00000000  g_pfnVectors                  
00000200  __STACK_SIZE                  
0000026d  pow                           
0000026d  powl                          
00000c2d  ut                            
00000c7d  kq                            
00000d0b  error                         
00000e77  xuly                          
0000126d  clear                         
000012a1  print                         
00001439  cclear                        
0000144d  calculate                     
000014b9  main                          
0000160d  Lcd_init                      
00001709  Lcd_Goto                      
00001757  Lcd_Temizle                   
00001769  Lcd_Puts                      
00001787  Lcd_Putch                     
00001839  __aeabi_dsub                  
00001843  __aeabi_dadd                  
000019f1  sqrt                          
000019f1  sqrtl                         
00001b49  __aeabi_ddiv                  
00001c7f  GPIOPadConfigSet              
00001db1  ldexp                         
00001db1  ldexpl                        
00001db1  scalbn                        
00001db1  scalbnl                       
00001ec1  __aeabi_dmul                  
00001fbd  floor                         
00001fbd  floorl                        
000020b5  SysCtlClockSet                
000021a9  keypad_Init                   
00002201  keypad_getkey                 
00002299  __aeabi_memcpy                
00002299  __aeabi_memcpy4               
00002299  __aeabi_memcpy8               
00002299  memcpy                        
00002335  __aeabi_cdcmpeq               
00002335  __aeabi_cdcmple               
000023bb  __aeabi_cdrcmple              
00002441  delay_ms                      
00002483  delay_us                      
000024bd  __TI_decompress_lzss          
00002525  __aeabi_d2iz                  
0000256d  __TI_auto_init_nobinit_nopinit
000025b1  SysCtlPeripheralEnable        
000025e5  _c_int00_noargs               
00002619  __aeabi_i2d                   
00002647  GPIODirModeSet                
00002671  __aeabi_ui2d                  
00002691  __TI_zero_init_nomemset       
000026ad  copysign                      
000026ad  copysignl                     
000026c7  GPIOPinTypeGPIOOutput         
000026df  strlen                        
000026f3  __TI_decompress_none          
00002701  ResetISR                      
0000270d  __aeabi_errno_addr            
00002715  GPIOPinWrite                  
0000271b  SysCtlDelay                   
00002721  _system_pre_init              
00002725  C$$EXIT                       
00002725  abort                         
00002758  symbol                        
00002770  max                           
00002778  min                           
00002780  __TI_Handler_Table_Base       
0000278c  __TI_Handler_Table_Limit      
000027a0  __TI_CINIT_Base               
000027b0  __TI_CINIT_Limit              
20000000  __stack                       
20000000  __start___llvm_prf_cnts       
20000000  __stop___llvm_prf_cnts        
20000200  __STACK_END                   
20000200  __STACK_TOP                   
20000200  charc                         
20000264  i                             
20000268  errno                         
ffffffff  __TI_pprof_out_hndl           
ffffffff  __TI_prof_data_size           
ffffffff  __TI_prof_data_start          
ffffffff  __binit__                     
ffffffff  __c_args__                    
ffffffff  binit                         
UNDEFED   __mpu_init                    
UNDEFED   _system_post_cinit            

[88 symbols]
